\BOOKMARK [0][-]{toc.0}{\376\377\166\356\137\125}{}% 1
\BOOKMARK [0][-]{chapter*.2}{\376\377\144\130\211\201}{}% 2
\BOOKMARK [0][-]{chapter*.3}{\376\377\000A\000b\000s\000t\000r\000a\000c\000t}{}% 3
\BOOKMARK [0][-]{chapter.1}{\376\377\173\054\0001\172\340\000\040\137\025\212\000}{}% 4
\BOOKMARK [1][-]{section.1.1}{\376\377\0001\000.\0001\000\040\170\024\172\166\200\314\146\157}{chapter.1}% 5
\BOOKMARK [1][-]{section.1.2}{\376\377\0001\000.\0002\000\040\147\054\145\207\135\345\117\134}{chapter.1}% 6
\BOOKMARK [1][-]{section.1.3}{\376\377\0001\000.\0003\000\040\213\272\145\207\176\323\147\204}{chapter.1}% 7
\BOOKMARK [1][-]{section.1.4}{\376\377\0001\000.\0004\000\040\121\163\225\056\147\057\213\355\116\016\225\356\230\230\217\271\165\114}{chapter.1}% 8
\BOOKMARK [0][-]{chapter.2}{\376\377\173\054\0002\172\340\000\040\166\370\121\163\135\345\117\134}{}% 9
\BOOKMARK [1][-]{section.2.1}{\376\377\0002\000.\0001\000\040\211\306\211\311\213\355\212\000\152\041\127\213}{chapter.2}% 10
\BOOKMARK [1][-]{section.2.2}{\376\377\0002\000.\0002\000\040\140\035\176\364\224\376\143\250\164\006}{chapter.2}% 11
\BOOKMARK [1][-]{section.2.3}{\376\377\0002\000.\0003\000\040\000C\000o\000d\000e\0002\000L\000o\000g\000i\000c}{chapter.2}% 12
\BOOKMARK [1][-]{section.2.4}{\376\377\0002\000.\0004\000\040\116\011\176\364\127\072\146\157\126\376}{chapter.2}% 13
\BOOKMARK [1][-]{section.2.5}{\376\377\0002\000.\0005\000\040\124\010\142\020\145\160\143\156\116\016\127\337\226\217\147\072\123\026}{chapter.2}% 14
\BOOKMARK [1][-]{section.2.6}{\376\377\0002\000.\0006\000\040\147\054\172\340\134\017\176\323}{chapter.2}% 15
\BOOKMARK [0][-]{chapter.3}{\376\377\173\054\0003\172\340\000\040\145\271\154\325}{}% 16
\BOOKMARK [1][-]{section.3.1}{\376\377\0003\000.\0001\000\040\145\164\117\123\147\266\147\204}{chapter.3}% 17
\BOOKMARK [1][-]{section.3.2}{\376\377\0003\000.\0002\000\040\000C\000o\000n\000c\000e\000p\000t\000-\000G\000r\000a\000p\000h\000s\000\040\150\007\154\350\173\241\176\277}{chapter.3}% 18
\BOOKMARK [2][-]{subsection.3.2.1}{\376\377\0003\000.\0002\000.\0001\000\040\121\155\153\145\173\241\176\277}{section.3.2}% 19
\BOOKMARK [2][-]{subsection.3.2.2}{\376\377\0003\000.\0002\000.\0002\000\040\000P\000r\000o\000m\000p\000t\000\040\213\276\213\241}{section.3.2}% 20
\BOOKMARK [2][-]{subsection.3.2.3}{\376\377\0003\000.\0002\000.\0003\000\040\000G\000P\000U\000\040\122\240\220\037}{section.3.2}% 21
\BOOKMARK [1][-]{section.3.3}{\376\377\0003\000.\0003\000\040\000I\000s\000a\000a\000c\000\040\000S\000i\000m\000\040\232\214\213\301\174\373\176\337}{chapter.3}% 22
\BOOKMARK [2][-]{subsection.3.3.1}{\376\377\0003\000.\0003\000.\0001\000\040\127\072\146\157\165\037\142\020}{section.3.3}% 23
\BOOKMARK [2][-]{subsection.3.3.2}{\376\377\0003\000.\0003\000.\0002\000\040\167\037\120\074\133\374\121\372}{section.3.3}% 24
\BOOKMARK [1][-]{section.3.4}{\376\377\0003\000.\0004\000\040\213\304\117\060\150\106\147\266}{chapter.3}% 25
\BOOKMARK [0][-]{chapter.4}{\376\377\173\054\0004\172\340\000\040\133\236\232\214}{}% 26
\BOOKMARK [1][-]{section.4.1}{\376\377\0004\000.\0001\000\040\133\236\232\214\213\276\177\156}{chapter.4}% 27
\BOOKMARK [2][-]{subsection.4.1.1}{\376\377\0004\000.\0001\000.\0001\000\040\170\154\116\366\116\016\217\157\116\366}{section.4.1}% 28
\BOOKMARK [2][-]{subsection.4.1.2}{\376\377\0004\000.\0001\000.\0002\000\040\145\160\143\156}{section.4.1}% 29
\BOOKMARK [1][-]{section.4.2}{\376\377\0004\000.\0002\000\040\156\070\142\017\145\160\143\156\124\010\142\020\176\323\147\234}{chapter.4}% 30
\BOOKMARK [1][-]{section.4.3}{\376\377\0004\000.\0003\000\040\167\037\133\236\127\072\146\157\150\007\154\350\176\323\147\234}{chapter.4}% 31
\BOOKMARK [2][-]{subsection.4.3.1}{\376\377\0004\000.\0003\000.\0001\000\040\124\004\127\072\146\157\116\247\121\372}{section.4.3}% 32
\BOOKMARK [2][-]{subsection.4.3.2}{\376\377\0004\000.\0003\000.\0002\000\040\143\317\217\360\117\030\123\026\145\110\147\234}{section.4.3}% 33
\BOOKMARK [2][-]{subsection.4.3.3}{\376\377\0004\000.\0003\000.\0003\000\040\164\366\230\210\122\006\147\220}{section.4.3}% 34
\BOOKMARK [1][-]{section.4.4}{\376\377\0004\000.\0004\000\040\000P\000r\000o\000m\000p\000t\000\040\155\210\207\215\133\236\232\214}{chapter.4}% 35
\BOOKMARK [1][-]{section.4.5}{\376\377\0004\000.\0005\000\040\124\010\142\020\127\072\146\157\232\214\213\301}{chapter.4}% 36
\BOOKMARK [1][-]{section.4.6}{\376\377\0004\000.\0006\000\040\143\250\164\006\152\041\127\213\220\011\127\213}{chapter.4}% 37
\BOOKMARK [2][-]{subsection.4.6.1}{\376\377\0004\000.\0006\000.\0001\000\040\127\372\121\306\155\113\213\325}{section.4.6}% 38
\BOOKMARK [2][-]{subsection.4.6.2}{\376\377\0004\000.\0006\000.\0002\000\040\133\236\226\105\173\241\176\277\133\371\153\324}{section.4.6}% 39
\BOOKMARK [1][-]{section.4.7}{\376\377\0004\000.\0007\000\040\145\260\145\347\000\040\000P\000r\000o\000m\000p\000t\000\040\124\014\127\072\146\157\133\371\153\324}{chapter.4}% 40
\BOOKMARK [1][-]{section.4.8}{\376\377\0004\000.\0008\000\040\173\241\176\277\145\110\163\207}{chapter.4}% 41
\BOOKMARK [1][-]{section.4.9}{\376\377\0004\000.\0009\000\040\116\011\156\220\145\160\143\156\133\371\153\324}{chapter.4}% 42
\BOOKMARK [1][-]{section.4.10}{\376\377\0004\000.\0001\0000\000\040\172\357\122\060\172\357\232\214\213\301}{chapter.4}% 43
\BOOKMARK [1][-]{section.4.11}{\376\377\0004\000.\0001\0001\000\040\176\374\124\010\213\250\213\272}{chapter.4}% 44
\BOOKMARK [0][-]{chapter.5}{\376\377\173\054\0005\172\340\000\040\140\073\176\323\116\016\134\125\147\033}{}% 45
\BOOKMARK [1][-]{section.5.1}{\376\377\0005\000.\0001\000\040\135\345\117\134\140\073\176\323}{chapter.5}% 46
\BOOKMARK [1][-]{section.5.2}{\376\377\0005\000.\0002\000\040\134\100\226\120\140\047}{chapter.5}% 47
\BOOKMARK [1][-]{section.5.3}{\376\377\0005\000.\0003\000\040\147\052\147\145\145\271\124\021}{chapter.5}% 48
\BOOKMARK [0][-]{chapter*.17}{\376\377\123\302\200\003\145\207\163\056}{}% 49
\BOOKMARK [0][-]{chapter*.18}{\376\377\201\364\214\042}{}% 50
\BOOKMARK [0][-]{appendix*.19}{\376\377\133\214\145\164\000\040\000P\000r\000o\000m\000p\000t\000\040\152\041\147\177}{}% 51
\BOOKMARK [0][-]{appendix*.22}{\376\377\000Q\000A\000\040\145\160\143\156\000\040\000J\000S\000O\000N\000\040\000S\000c\000h\000e\000m\000a}{}% 52
